// Jest Snapshot v1, https://goo.gl/fbAQLP

exports[`should rendere ExpenseListItem 1`] = `
<Link
  className="list-item"
  replace={false}
  to="/edit/1"
>
  <div>
    <h3
      className="list-item__title"
    >
      Tea
    </h3>
    <span
      className="list-item__sub-title"
    >
      1st January, 1970
    </span>
  </div>
  <h3
    className="list-item__data"
  >
    Rs.1.95
  </h3>
</Link>
`;
